(1790850066.452353) vcan0 0C0#5F220000A052018E
(1790850066.452808) vcan0 0C1#190401
(1790850066.529719) vcan0 350#CA00D100BC0B0000
(1790850066.537277) vcan0 320#00018C0000000000
(1790850066.537860) vcan0 0D0#2823050000000000
(1790850066.553491) vcan0 0C0#5F220000A052018E
(1790850066.553575) vcan0 0C1#190401
(1790850066.630207) vcan0 350#CA00D100BC0B0000
(1790850066.643563) vcan0 320#00018C0000000000
(1790850066.643970) vcan0 0D0#2823050000000000
(1790850066.653943) vcan0 0C0#5F220000A052018E
(1790850066.654102) vcan0 0C1#190401
(1790850066.733245) vcan0 350#CA00D100BB0B0000
(1790850066.744636) vcan0 0D0#2823050000000000
(1790850066.744743) vcan0 320#00018C0000000000
(1790850066.758268) vcan0 0C0#5F220000A152018E
(1790850066.758704) vcan0 0C1#190401
(1790850066.834117) vcan0 350#CA00D100BB0B0000
(1790850066.853776) vcan0 0D0#2823050000000000
(1790850066.853873) vcan0 320#00018C0000000000
(1790850066.859388) vcan0 0C0#5F220000A152018E
(1790850066.859872) vcan0 0C1#190401
(1790850066.935755) vcan0 350#CA00D100BB0B0000
(1790850066.954103) vcan0 320#00018C0000000000
(1790850066.954418) vcan0 0D0#2823050000000000
(1790850066.961961) vcan0 0C0#5F220000A152018E
(1790850066.962429) vcan0 0C1#190401
(1790850067.037948) vcan0 350#CA00D100BB0B0000
(1790850067.054802) vcan0 320#00018C0000000000
(1790850067.055411) vcan0 0D0#2823050000000000
(1790850067.066206) vcan0 0C0#5F220000A152018E
(1790850067.066344) vcan0 0C1#190401
(1790850067.139862) vcan0 350#CA00D100BB0B0000
(1790850067.156659) vcan0 320#00018C0000000000
(1790850067.156680) vcan0 0D0#2823050000000000
(1790850067.171680) vcan0 0C0#5F220000A152018E
(1790850067.171708) vcan0 0C1#190401
(1790850067.240521) vcan0 350#CA00D100BA0B0000
(1790850067.257339) vcan0 320#00018C0000000000
(1790850067.258228) vcan0 0D0#2823050000000000
(1790850067.273243) vcan0 0C0#5F220000A152018E
(1790850067.274470) vcan0 0C1#190401
(1790850067.341045) vcan0 350#CA00D100BA0B0000
(1790850067.361892) vcan0 320#00018C0000000000
(1790850067.361903) vcan0 0D0#2823050000000000
(1790850067.375560) vcan0 0C0#5F220000A0520190
(1790850067.375712) vcan0 0C1#190401
(1790850067.442343) vcan0 350#CA00D100BA0B0000
(1790850067.462363) vcan0 320#00018C0000000000
(1790850067.463230) vcan0 0D0#2823050000000000
(1790850067.476435) vcan0 0C0#5F2200009F520192
(1790850067.476576) vcan0 0C1#190401
(1790850067.543529) vcan0 350#CA00D100BA0B0000
(1790850067.563728) vcan0 320#00018C0000000000
(1790850067.565004) vcan0 0D0#2823050000000000
(1790850067.577921) vcan0 0C0#5F2200009F520194
(1790850067.578160) vcan0 0C1#190401
(1790850067.645717) vcan0 350#CA00D100BA0B0000
(1790850067.665129) vcan0 320#00018C0000000000
(1790850067.666248) vcan0 0D0#2823050000000000
(1790850067.679128) vcan0 0C0#5F2200009E520196
(1790850067.679275) vcan0 0C1#190401
(1790850067.746912) vcan0 350#CA00D100BA0B0000
(1790850067.766426) vcan0 320#00018C0000000000
(1790850067.767875) vcan0 0D0#2823050000000000
(1790850067.779664) vcan0 0C0#5F2200009D520198
(1790850067.782775) vcan0 0C1#190401
(1790850067.848963) vcan0 350#CA00D100BA0B0000
(1790850067.867575) vcan0 320#00018C0000000000
(1790850067.868754) vcan0 0D0#2823050000000000
(1790850067.884330) vcan0 0C0#5F2200009D520199
(1790850067.888664) vcan0 0C1#190401
(1790850067.950786) vcan0 350#CA00D100BA0B0000
(1790850067.968410) vcan0 320#00018C0000000000
(1790850067.969507) vcan0 0D0#2823050000000000
(1790850067.989489) vcan0 0C0#5F2200009C52019A
(1790850067.989931) vcan0 0C1#190401
(1790850068.052977) vcan0 350#CA00D100B90B0000
(1790850068.070277) vcan0 320#00018C0000000000
(1790850068.070688) vcan0 0D0#2823050000000000
(1790850068.092563) vcan0 0C0#5F2200009B52019B
(1790850068.096705) vcan0 0C1#190401
(1790850068.154576) vcan0 350#CA00D100B90B0000
(1790850068.171026) vcan0 0D0#2823050000000000
(1790850068.171874) vcan0 320#00018C0000000000
(1790850068.198094) vcan0 0C0#5F2200009B52019B
(1790850068.198999) vcan0 0C1#190401
(1790850068.259252) vcan0 350#CA00D100B90B0000
(1790850068.271664) vcan0 0D0#2823050000000000
(1790850068.273118) vcan0 320#00018C0000000000
(1790850068.299488) vcan0 0C0#5F2200009A52019C
(1790850068.300689) vcan0 0C1#190401
(1790850068.360489) vcan0 350#CA00D100B90B0000
(1790850068.372363) vcan0 0D0#2823050000000000
(1790850068.374781) vcan0 320#00018C0000000000
(1790850068.401472) vcan0 0C0#5F2200009A52019C
(1790850068.401734) vcan0 0C1#190401
(1790850068.461039) vcan0 350#CA00D100B90B0000
(1790850068.473297) vcan0 0D0#2823050000000000
(1790850068.476171) vcan0 320#01018C0000000000
(1790850068.502540) vcan0 0C0#5F2200009952019D
(1790850068.503667) vcan0 0C1#190401
(1790850068.561350) vcan0 350#CA00D100B90B0000
(1790850068.574559) vcan0 0D0#2823050000000000
(1790850068.577042) vcan0 320#01018C0000000000
(1790850068.605529) vcan0 0C0#5F2200009952019D
(1790850068.605714) vcan0 0C1#190401
(1790850068.665955) vcan0 350#CA00D100B90B0000
(1790850068.675724) vcan0 0D0#2823050000000000
(1790850068.677697) vcan0 320#01018C0000000000
(1790850068.706278) vcan0 0C0#5F2200009852019E
(1790850068.707147) vcan0 0C1#190401
(1790850068.767522) vcan0 350#CA00D100B90B0000
(1790850068.776508) vcan0 0D0#2823050000000000
(1790850068.779317) vcan0 320#01018C0000000000
(1790850068.807813) vcan0 0C0#5F2200009752019E
(1790850068.807940) vcan0 0C1#190401
(1790850068.868250) vcan0 350#CA00D100B90B0000
(1790850068.878612) vcan0 0D0#2823050000000000
(1790850068.880704) vcan0 320#01018C0000000000
(1790850068.910215) vcan0 0C0#5F2200009752019E
(1790850068.910739) vcan0 0C1#190401
(1790850068.969107) vcan0 350#CA00D100B90B0000
(1790850068.980540) vcan0 0D0#2823050000000000
(1790850068.982850) vcan0 320#01018C0000000000
(1790850069.011228) vcan0 0C0#5F2200009652019E
(1790850069.011352) vcan0 0C1#190401
(1790850069.070039) vcan0 350#CA00D100B90B0000
(1790850069.080947) vcan0 0D0#2823050000000000
(1790850069.083350) vcan0 320#01018C0000000000
(1790850069.111801) vcan0 0C0#5F2200009652019F
(1790850069.111913) vcan0 0C1#190401
(1790850069.170871) vcan0 350#CA00D100B90B0000
(1790850069.182244) vcan0 0D0#2823050000000000
(1790850069.184094) vcan0 320#01018C0000000000
(1790850069.212679) vcan0 0C0#5F2200009552019F
(1790850069.212706) vcan0 0C1#190401
(1790850069.273416) vcan0 350#CA00D100B90B0000
(1790850069.282755) vcan0 0D0#2823050000000000
(1790850069.285131) vcan0 320#01018C0000000000
(1790850069.314167) vcan0 0C0#5F2200009552019F
(1790850069.314295) vcan0 0C1#190401
(1790850069.374203) vcan0 350#C900CF00B90B0000
(1790850069.385792) vcan0 0D0#2823050000000000
(1790850069.385829) vcan0 320#01018C0000000000
(1790850069.415690) vcan0 0C0#5F2200009452019F
(1790850069.415814) vcan0 0C1#1D0501
(1790850069.478030) vcan0 350#C900CD00B80B0000
(1790850069.487647) vcan0 0D0#2823050000000000
(1790850069.488033) vcan0 320#01018C0000000000
(1790850069.518615) vcan0 0C0#5F2200009452019F
(1790850069.518705) vcan0 0C1#1D0501
(1790850069.580240) vcan0 350#C900CB00B80B0000
(1790850069.588747) vcan0 320#01018C0000000000
(1790850069.588894) vcan0 0D0#2823050000000000
(1790850069.622550) vcan0 0C0#5F2200009352019F
(1790850069.622770) vcan0 0C1#1D0501
(1790850069.681285) vcan0 350#C900C900B80B0000
(1790850069.689075) vcan0 320#01018C0000000000
(1790850069.691801) vcan0 0D0#2823050000000000
(1790850069.726716) vcan0 0C0#5F2200009352019F
(1790850069.726949) vcan0 0C1#1D0501
(1790850069.782466) vcan0 350#C900C800B80B0000
(1790850069.791084) vcan0 320#01018C0000000000
(1790850069.793943) vcan0 0D0#2823050000000000
(1790850069.828345) vcan0 0C0#5F2200009252019F
(1790850069.828890) vcan0 0C1#1D0501
(1790850069.884341) vcan0 350#C900C600B80B0000
(1790850069.891932) vcan0 320#01018C0000000000
(1790850069.895019) vcan0 0D0#2823050000000000
(1790850069.931732) vcan0 0C0#5F2200009252019F
(1790850069.931969) vcan0 0C1#1D0501
(1790850069.985865) vcan0 350#C900C400B80B0000
(1790850069.993322) vcan0 320#01018C0000000000
(1790850069.996166) vcan0 0D0#2823050000000000
(1790850070.032618) vcan0 0C0#5F2200009252019F
(1790850070.032840) vcan0 0C1#1D0501
(1790850070.086313) vcan0 350#C900C200B80B0000
(1790850070.097161) vcan0 320#01018C0000000000
(1790850070.098975) vcan0 0D0#2823050000000000
(1790850070.133328) vcan0 0C0#5F2200009152019F
(1790850070.133471) vcan0 0C1#1D0501
(1790850070.188773) vcan0 350#C900C100B80B0000
(1790850070.198013) vcan0 320#01018C0000000000
(1790850070.199709) vcan0 0D0#2823050000000000
(1790850070.234927) vcan0 0C0#5F2200009152019F
(1790850070.235153) vcan0 0C1#1D0501
(1790850070.290191) vcan0 350#C900BF00B80B0000
(1790850070.299663) vcan0 320#01018C0000000000
(1790850070.301166) vcan0 0D0#2823050000000000
(1790850070.335649) vcan0 0C0#5F2200009052019F
(1790850070.336621) vcan0 0C1#1D0501
(1790850070.404989) vcan0 0D0#2823050000000000
(1790850070.405249) vcan0 350#C900BD00B80B0000
(1790850070.407960) vcan0 320#01018C0000000000
(1790850070.439641) vcan0 0C0#5F2200009052019F
(1790850070.439902) vcan0 0C1#1D0501
(1790850070.505957) vcan0 350#C900BC00B80B0000
(1790850070.506372) vcan0 0D0#2823050000000000
(1790850070.510035) vcan0 320#00018C0000000000
(1790850070.540871) vcan0 0C0#5F2200009052019F
(1790850070.541222) vcan0 0C1#1D0501
(1790850070.607519) vcan0 350#C900BB00B80B0000
(1790850070.607662) vcan0 0D0#2823050000000000
(1790850070.610728) vcan0 320#00018C0000000000
(1790850070.641647) vcan0 0C0#5F2200008F52019F
(1790850070.641827) vcan0 0C1#1D0501
(1790850070.708828) vcan0 350#C900B900B80B0000
(1790850070.715277) vcan0 320#00018C0000000000
(1790850070.724073) vcan0 0D0#2823050000000000
(1790850070.749527) vcan0 0C0#5F2200008F52019F
(1790850070.749665) vcan0 0C1#1D0501
(1790850070.814847) vcan0 350#C900B800B80B0000
(1790850070.816370) vcan0 320#00018C0000000000
(1790850070.825048) vcan0 0D0#2823050000000000
(1790850070.850116) vcan0 0C0#5F2200008E52019F
(1790850070.850641) vcan0 0C1#1D0501
(1790850070.916056) vcan0 350#C900B600B80B0000
(1790850070.917794) vcan0 320#00018C0000000000
(1790850070.925643) vcan0 0D0#2823050000000000
(1790850070.958036) vcan0 0C0#5F2200008E52019F
(1790850070.958073) vcan0 0C1#1D0501
(1790850071.017013) vcan0 350#C900B500B80B0000
(1790850071.019957) vcan0 320#00018C0000000000
(1790850071.026786) vcan0 0D0#2823050000000000
(1790850071.058395) vcan0 0C0#5F2200008E52019F
(1790850071.058710) vcan0 0C1#1D0501
(1790850071.118320) vcan0 350#C900B400B80B0000
(1790850071.121281) vcan0 320#00018C0000000000
(1790850071.127710) vcan0 0D0#2823050000000000
(1790850071.159378) vcan0 0C0#5F2200008D52019F
(1790850071.160031) vcan0 0C1#1D0501
(1790850071.219518) vcan0 350#C900B300B80B0000
(1790850071.221595) vcan0 320#00018C0000000000
(1790850071.236694) vcan0 0D0#2823050000000000
(1790850071.264693) vcan0 0C0#5F2200008D52019F
(1790850071.267645) vcan0 0C1#1D0501
(1790850071.320088) vcan0 350#C900B200B80B0000
(1790850071.322798) vcan0 320#00018C0000000000
(1790850071.339205) vcan0 0D0#2823050000000000
(1790850071.371303) vcan0 0C0#5F2200008D52019F
(1790850071.371818) vcan0 0C1#1D0501
(1790850071.420600) vcan0 350#C900B000B80B0000
(1790850071.424414) vcan0 320#00018C0000000000
(1790850071.440252) vcan0 0D0#2823050000000000
(1790850071.472039) vcan0 0C0#5F2200008C52019F
(1790850071.472517) vcan0 0C1#140501
(1790850071.522337) vcan0 350#C900AF00B80B0000
(1790850071.525712) vcan0 320#00018C0000000000
(1790850071.542926) vcan0 0D0#2823050000000000
(1790850071.573468) vcan0 0C0#5F2200008C52019F
(1790850071.573505) vcan0 0C1#140501
(1790850071.624757) vcan0 350#C900AE00B80B0000
(1790850071.628373) vcan0 320#00018C0000000000
(1790850071.644032) vcan0 0D0#2823050000000000
(1790850071.674785) vcan0 0C0#5F2200008C52019F
(1790850071.675053) vcan0 0C1#140501
(1790850071.725096) vcan0 350#C900AD00B80B0000
(1790850071.729465) vcan0 320#00018C0000000000
(1790850071.745245) vcan0 0D0#2823050000000000
(1790850071.776100) vcan0 0C0#5F2200008B52019F
(1790850071.777650) vcan0 0C1#140501
(1790850071.825736) vcan0 350#C900AC00B80B0000
(1790850071.830842) vcan0 320#00018C0000000000
(1790850071.846500) vcan0 0D0#2823050000000000
(1790850071.878534) vcan0 0C0#5F2200008B52019F
(1790850071.878753) vcan0 0C1#140501
(1790850071.926337) vcan0 350#C900AB00B80B0000
(1790850071.931538) vcan0 320#00018C0000000000
(1790850071.947287) vcan0 0D0#2823050000000000
(1790850071.979315) vcan0 0C0#5F2200008B52019F
(1790850071.979951) vcan0 0C1#140501
(1790850072.027640) vcan0 350#C900AA00B80B0000
(1790850072.034353) vcan0 320#00018C0000000000
(1790850072.048097) vcan0 0D0#2823050000000000
(1790850072.080526) vcan0 0C0#5F2200008B52019F
(1790850072.080629) vcan0 0C1#140501
(1790850072.128500) vcan0 350#C900A900B80B0000
(1790850072.136526) vcan0 320#00018C0000000000
(1790850072.148508) vcan0 0D0#2823050000000000
(1790850072.182486) vcan0 0C0#5F2200008A52019F
(1790850072.182890) vcan0 0C1#140501
(1790850072.229482) vcan0 350#C900A800B80B0000
(1790850072.238360) vcan0 320#00018C0000000000
(1790850072.249893) vcan0 0D0#2823050000000000
(1790850072.285713) vcan0 0C0#5F2200008A52019F
(1790850072.285949) vcan0 0C1#140501
(1790850072.330698) vcan0 350#C900A800B80B0000
(1790850072.338972) vcan0 320#00018C0000000000
(1790850072.352875) vcan0 0D0#2823050000000000
(1790850072.387085) vcan0 0C0#5F2200008A52019F
(1790850072.387594) vcan0 0C1#140501
(1790850072.432891) vcan0 350#C900A700D10B0000
(1790850072.440466) vcan0 320#00018C0000000000
(1790850072.454075) vcan0 0D0#2823050000000000
(1790850072.487919) vcan0 0C0#5F2200008A52019F
(1790850072.488049) vcan0 0C1#140501
(1790850072.534965) vcan0 350#C900A600E80B0000
(1790850072.543889) vcan0 320#00058C0000000000
(1790850072.555737) vcan0 0D0#2823050000000000
(1790850072.590064) vcan0 0C0#5F2200008952019F
(1790850072.590229) vcan0 0C1#140501
(1790850072.635466) vcan0 350#C900A500FF0B0000
(1790850072.644234) vcan0 320#00058C0000000000
(1790850072.656570) vcan0 0D0#2823050000000000
(1790850072.692340) vcan0 0C0#5F2200008952019F
(1790850072.693003) vcan0 0C1#140501
(1790850072.741257) vcan0 350#C900A400140C0000
(1790850072.745138) vcan0 320#00058C0000000000
(1790850072.757636) vcan0 0D0#2823050000000000
(1790850072.793737) vcan0 0C0#5F2200008952019F
(1790850072.793883) vcan0 0C1#140501
(1790850072.842843) vcan0 350#C900A400290C0000
(1790850072.846528) vcan0 320#00058C0000000000
(1790850072.860988) vcan0 0D0#2823050000000000
(1790850072.895216) vcan0 0C0#5F2200008852019F
(1790850072.895664) vcan0 0C1#140501
(1790850072.943443) vcan0 350#C900A3003C0C0000
(1790850072.946867) vcan0 320#00058C0000000000
(1790850072.962160) vcan0 0D0#2823050000000000
(1790850072.996227) vcan0 0C0#5F2200008852019F
(1790850072.996729) vcan0 0C1#140501
(1790850073.044663) vcan0 350#C900A2004E0C0000
(1790850073.050715) vcan0 320#00058C0000000000
(1790850073.068078) vcan0 0D0#2823050000000000
(1790850073.097551) vcan0 0C0#5F2200008852019F
(1790850073.097765) vcan0 0C1#140501
(1790850073.145270) vcan0 350#C900A100600C0000
(1790850073.153638) vcan0 320#00058C0000000000
(1790850073.169089) vcan0 0D0#2823050000000000
(1790850073.198356) vcan0 0C0#5F2200008852019F
(1790850073.199147) vcan0 0C1#140501
(1790850073.246953) vcan0 350#C900A100710C0000
(1790850073.257256) vcan0 320#00058C0000000000
(1790850073.273558) vcan0 0D0#2823050000000000
(1790850073.300082) vcan0 0C0#5F2200008852019F
(1790850073.300883) vcan0 0C1#140501
(1790850073.348795) vcan0 350#C900A000800C0000
(1790850073.358245) vcan0 320#00058C0000000000
(1790850073.375049) vcan0 0D0#2823050000000000
(1790850073.405014) vcan0 0C0#5F2200008752019F
(1790850073.405291) vcan0 0C1#140501
(1790850073.450344) vcan0 350#C800A0008F0C0000
(1790850073.459641) vcan0 320#00058C0000000000
(1790850073.477683) vcan0 0D0#2823050000000000
(1790850073.505819) vcan0 0C0#972100008720019D
(1790850073.505970) vcan0 0C1#040501
(1790850073.551381) vcan0 350#C8009F009D0C0000
(1790850073.560273) vcan0 320#00058C0000000000
(1790850073.578768) vcan0 0D0#0823050000000000
(1790850073.607098) vcan0 0C0#D92000008720019B
(1790850073.607326) vcan0 0C1#040501
(1790850073.657894) vcan0 350#C8009E00AB0C0000
(1790850073.660706) vcan0 320#00058C0000000000
(1790850073.679438) vcan0 0D0#CC22050000000000
(1790850073.708336) vcan0 0C0#2520000087200199
(1790850073.711629) vcan0 0C1#040501
(1790850073.758679) vcan0 350#C8009E00B80C0000
(1790850073.761287) vcan0 320#00058C0000000000
(1790850073.780523) vcan0 0D0#7A22050000000000
(1790850073.813687) vcan0 0C0#7A1F000086200197
(1790850073.813947) vcan0 0C1#040501
(1790850073.859613) vcan0 350#C8009D00C40C0000
(1790850073.862109) vcan0 320#00058C0000000000
(1790850073.882422) vcan0 0D0#1422050000000000
(1790850073.914457) vcan0 0C0#D71E000086200195
(1790850073.914712) vcan0 0C1#040501
(1790850073.963234) vcan0 320#00058C0000000000
(1790850073.963988) vcan0 350#C8009D00D00C0000
(1790850073.984304) vcan0 0D0#9E21050000000000
(1790850074.021417) vcan0 0C0#3C1E000086200194
(1790850074.022786) vcan0 0C1#040501
(1790850074.065544) vcan0 350#C8009C00DB0C0000
(1790850074.066630) vcan0 320#00058C0000000000
(1790850074.085816) vcan0 0D0#1B21050000000000
(1790850074.123109) vcan0 0C0#A91D000086200193
(1790850074.123338) vcan0 0C1#040501
(1790850074.167324) vcan0 350#C8009C00E50C0000
(1790850074.167418) vcan0 320#00058C0000000000
(1790850074.187148) vcan0 0D0#8E20050000000000
(1790850074.223972) vcan0 0C0#1D1D000086200192
(1790850074.224269) vcan0 0C1#040501
(1790850074.268502) vcan0 350#C8009B00EF0C0000
(1790850074.269289) vcan0 320#00058C0000000000
(1790850074.288146) vcan0 0D0#F81F050000000000
(1790850074.324964) vcan0 0C0#981C000086200192
(1790850074.325177) vcan0 0C1#040501
(1790850074.369096) vcan0 350#C8009B00F80C0000
(1790850074.369891) vcan0 320#00058C0000000000
(1790850074.389930) vcan0 0D0#5C1F050000000000
(1790850074.427223) vcan0 0C0#1A1C000085200191
(1790850074.427358) vcan0 0C1#040501
(1790850074.471321) vcan0 320#00058C0000000000
(1790850074.471754) vcan0 350#C8009A00010D0000
(1790850074.496063) vcan0 0D0#BB1E050000000000
(1790850074.527956) vcan0 0C0#A31B000085200191
(1790850074.528096) vcan0 0C1#040501
(1790850074.572625) vcan0 320#00058C0000000000
(1790850074.572639) vcan0 350#C8009A000A0D0000
(1790850074.597137) vcan0 0D0#171E050000000000
(1790850074.629491) vcan0 0C0#311B000085200190
(1790850074.629633) vcan0 0C1#040501
(1790850074.672949) vcan0 320#00058C0000000000
(1790850074.674088) vcan0 350#C8009900120D0000
(1790850074.698402) vcan0 0D0#721D050000000000
(1790850074.730029) vcan0 0C0#C51A000085200190
(1790850074.730251) vcan0 0C1#040501
(1790850074.774548) vcan0 350#C80099001A0D0000
(1790850074.780098) vcan0 320#00058C0000000000
(1790850074.800145) vcan0 0D0#CB1C050000000000
(1790850074.832030) vcan0 0C0#5E1A00008520018F
(1790850074.832340) vcan0 0C1#040501
(1790850074.875807) vcan0 350#C8009900210D0000
(1790850074.883918) vcan0 320#00058C0000000000
(1790850074.901873) vcan0 0D0#251C040000000000
(1790850074.936148) vcan0 0C0#FD1900008520018F
(1790850074.943121) vcan0 0C1#040501
(1790850074.978829) vcan0 350#C8009800280D0000
(1790850074.986448) vcan0 320#00058C0000000000
(1790850075.002420) vcan0 0D0#7F1B040000000000
(1790850075.045487) vcan0 0C0#A01900008420018F
(1790850075.045670) vcan0 0C1#040501
(1790850075.082689) vcan0 350#C80098002E0D0000
(1790850075.092834) vcan0 320#00058C0000000000
(1790850075.104514) vcan0 0D0#DB1A040000000000
(1790850075.146789) vcan0 0C0#481900008420018F
(1790850075.146930) vcan0 0C1#040501
(1790850075.183989) vcan0 350#C8009700350D0000
(1790850075.193394) vcan0 320#00058C0000000000
(1790850075.205801) vcan0 0D0#3A1A040000000000
(1790850075.249979) vcan0 0C0#F41800008420018E
(1790850075.250573) vcan0 0C1#040501
(1790850075.284647) vcan0 350#C80097003B0D0000
(1790850075.295210) vcan0 320#00058C0000000000
(1790850075.312756) vcan0 0D0#9B19040000000000
(1790850075.351131) vcan0 0C0#A51800008420018E
(1790850075.351243) vcan0 0C1#040501
(1790850075.385357) vcan0 350#C8009700400D0000
(1790850075.397618) vcan0 320#00058C0000000000
(1790850075.413500) vcan0 0D0#FF18040000000000
(1790850075.452935) vcan0 0C0#591800008420018E
(1790850075.454082) vcan0 0C1#040501
(1790850075.486851) vcan0 350#C8009600460D0000
(1790850075.498695) vcan0 320#00058C0000000000
(1790850075.514351) vcan0 0D0#6718040000000000
(1790850075.555076) vcan0 0C0#121800008420018E
(1790850075.555317) vcan0 0C1#000501
(1790850075.587558) vcan0 350#C80096004B0D0000
(1790850075.603495) vcan0 320#00018C0000000000
(1790850075.617329) vcan0 0D0#D217040000000000
(1790850075.655945) vcan0 0C0#CE1700008320018E
(1790850075.656889) vcan0 0C1#000501
(1790850075.688506) vcan0 350#C8009600500D0000
(1790850075.704858) vcan0 320#00018C0000000000
(1790850075.719795) vcan0 0D0#4117040000000000
(1790850075.758689) vcan0 0C0#8D1700008320018E
(1790850075.759146) vcan0 0C1#000501
(1790850075.792126) vcan0 350#C8009500540D0000
(1790850075.805769) vcan0 320#00018C0000000000
(1790850075.820906) vcan0 0D0#B516040000000000
(1790850075.860177) vcan0 0C0#4F1700008320018E
(1790850075.861018) vcan0 0C1#000501
(1790850075.892855) vcan0 350#C8009500580D0000
(1790850075.906509) vcan0 320#00018C0000000000
(1790850075.921829) vcan0 0D0#2C16040000000000
(1790850075.962150) vcan0 0C0#151700008320018E
(1790850075.962695) vcan0 0C1#000501
(1790850075.993385) vcan0 350#C80095005D0D0000
(1790850076.007308) vcan0 320#00018C0000000000
(1790850076.022703) vcan0 0D0#A815040000000000
(1790850076.063562) vcan0 0C0#DE1600008320018E
(1790850076.063861) vcan0 0C1#000501
(1790850076.096483) vcan0 350#C8009500610D0000
(1790850076.108843) vcan0 320#00018C0000000000
(1790850076.124923) vcan0 0D0#2815040000000000
(1790850076.164657) vcan0 0C0#A91600008320018E
(1790850076.164946) vcan0 0C1#000501
(1790850076.197414) vcan0 350#C8009400640D0000
(1790850076.209532) vcan0 320#00018C0000000000
(1790850076.227794) vcan0 0D0#AD14030000000000
(1790850076.265611) vcan0 0C0#771600008320018E
(1790850076.265971) vcan0 0C1#000501
(1790850076.297800) vcan0 350#C8009400680D0000
(1790850076.310094) vcan0 320#00018C0000000000
(1790850076.330104) vcan0 0D0#3514030000000000
(1790850076.366651) vcan0 0C0#471600008320018E
(1790850076.366793) vcan0 0C1#000501
(1790850076.405792) vcan0 350#C80094006B0D0000
(1790850076.410725) vcan0 320#00018C0000000000
(1790850076.431581) vcan0 0D0#C213030000000000
